$ blackbox catalog ls
payment-mock
payment-mock-dist
subscription-system (default)
$ blackbox capsule up --silent --no-color
capsule <CAPSULE_1> is up · subscription-system · 8 services · <DUR>
current capsule: <CAPSULE_1>
entrypoint: <URL>
→ blackbox capsule run --session <CAPSULE_1> --via public-api -- curl /health
#! capture CAPSULE_1 capsule-up
$ blackbox capsule ls
  CAPSULE  SYSTEM  STATE  STARTED  ACTIVITIES  TITLE
* <CAPSULE_1>  subscription-system  running  <TIME>  0  subscription-system
#! volatile run-block
$ blackbox capsule run --via public-api -- curl -fsS /health
{"status":"ready"}
<VOLATILE>
#! capture ACT_1 activity
#! wait 60 "· 6 spans ·" blackbox capsule show $ACT_1
$ blackbox capsule show $ACT_1
activity <ACT_1>
  capsule  <CAPSULE_1> (subscription-system, running)
  purpose  stimulus
  via  public-api → public-api (http)
  process  exit 0 on host
  context  sent (w3c, http-headers)
  observed  1 traces · 1 services · <N> spans · provisional (capsule running)
  SPANS
  public-api  GET /health  200
    ├─ public-api  PING → redis
    ├─ public-api  SQS.GetQueueUrl  200
    │  └─ public-api  POST → localstack  200
    ├─ public-api  pg-pool.connect → postgres
    └─ public-api  pg.query:SELECT subscriptions → postgres
→ blackbox capsule show <TRACE_1> --session <CAPSULE_1> --spans
$ blackbox capsule show $CAPSULE_1
capsule <CAPSULE_1>  subscription-system  running · provisional (capsule running)
  activities 1 · traces <N>
→ blackbox capsule show <ACT_1> --session <CAPSULE_1>
$ blackbox capsule up payment-mock --silent --no-color
capsule <CAPSULE_2> is up · payment-mock · 1 services · <DUR>
current capsule: <CAPSULE_2>
entrypoint: <URL>
→ blackbox capsule run --session <CAPSULE_2> -- curl <URL>
#! capture CAPSULE_2 capsule-up
$ blackbox capsule ls
  CAPSULE  SYSTEM  STATE  STARTED  ACTIVITIES  TITLE
* <CAPSULE_2>  payment-mock  running  <TIME>  0  payment-mock
  <CAPSULE_1>  subscription-system  running  <TIME>  1  subscription-system
$ blackbox capsule use $CAPSULE_1
current capsule: <CAPSULE_1> (subscription-system, running)
#! volatile run-block
$ blackbox capsule run --via public-api -- curl -fsS /missing
curl: (22) The requested URL returned error: 404
<VOLATILE>
$ echo $?
22
$ blackbox capsule run -- definitely-not-a-command
activity <ACT_3> · capsule <CAPSULE_1> · stimulus · host · host · not found · <DUR>
  context  untraced: no driver, so no trace context was sent
  observed  nothing yet · provisional (capsule running)
→ blackbox capsule show <ACT_3> --session <CAPSULE_1>
$ echo $?
127
$ blackbox capsule run --no-such-flag -- true
blackbox: Nonexistent flag: --no-such-flag
See more help with --help
→ blackbox capsule run --help
$ echo $?
125
$ blackbox capsule run -- sh -c 'exit 2'
activity <ACT_4> · capsule <CAPSULE_1> · stimulus · host · host · exit 2 · <DUR>
  context  untraced: no driver, so no trace context was sent
  observed  nothing yet · provisional (capsule running)
→ blackbox capsule show <ACT_4> --session <CAPSULE_1>
$ echo $?
2
$ blackbox capsule show deadbeef
blackbox: no capsule, activity or trace matches deadbeef
→ blackbox capsule ls --all
$ echo $?
2
$ blackbox capsule down $ACT_1
blackbox: down takes a capsule ID; <ACT_1> is an activity in capsule <CAPSULE_1>
→ blackbox capsule down <CAPSULE_1>
$ echo $?
2
$ blackbox capsule down
capsule <CAPSULE_1> stopped · evidence kept
current capsule: none
→ blackbox capsule report <CAPSULE_1>
$ blackbox capsule run --session $CAPSULE_1 -- true
blackbox: capsule <CAPSULE_1> is stopped; run needs a running capsule
→ blackbox capsule up
$ echo $?
125
$ blackbox capsule report $CAPSULE_1
report for capsule <CAPSULE_1>
✔ <PROJECT>/.blackbox/reports/capsule-<CAPSULE_1>/capsule-report.html
✔ <PROJECT>/.blackbox/reports/capsule-<CAPSULE_1>/capsule-report.json
$ blackbox capsule ls --all
  CAPSULE  SYSTEM  STATE  STARTED  ACTIVITIES  TITLE
  <CAPSULE_2>  payment-mock  running  <TIME>  0  payment-mock
  <CAPSULE_1>  subscription-system  stopped  <TIME>  4  subscription-system
$ blackbox capsule down $CAPSULE_2
capsule <CAPSULE_2> stopped · evidence kept
→ blackbox capsule report <CAPSULE_2>
