$ blackbox capsule up --silent --no-color --json --env FIXTURE_CONTROL_TOKEN=$FIXTURE_CONTROL_TOKEN | json-shape.mjs
documents 1
kind capsule-started
  artifactRoot
  capsule
  composeProject
  containers
  containers[].containerId
  containers[].containerName
  containers[].host
  containers[].networkNames
  containers[].participant
  containers[].service
  current
  entrypoint
  entrypoint.host
  entrypoint.port
  entrypoint.protocol
  entrypoint.url
  kind
  networks
  next
  readiness
  readiness.durationMs
  readiness.status
  readiness.url
  sessionId
  system
  title
  volumes
  warnings
observation.status -
context.kind -
limitations -
next blackbox capsule run --session <CAPSULE_1> --via public-api -- curl /health
$ blackbox capsule run --via public-api --purpose setup --name "Reset fixture" --json -- curl -fsS -X POST -H "Authorization: Bearer $FIXTURE_CONTROL_TOKEN" -H "Content-Type: application/json" -d '{"profile":"fresh"}' /fixture/reset | json-shape.mjs
documents 1
kind capsule-exec-completed
  activityId
  capsule
  context
  context.carrier
  context.kind
  kind
  limitations
  limitations[].kind
  next
  observation
  observation.services
  observation.spans
  observation.status
  observation.stillArriving
  observation.traces
  observation.tree
  observation.tree[].children
  observation.tree[].children[].kind
  observation.tree[].children[].orphan
  observation.tree[].children[].result
  observation.tree[].children[].service
  observation.tree[].children[].spanId
  observation.tree[].children[].title
  observation.tree[].kind
  observation.tree[].orphan
  observation.tree[].result
  observation.tree[].service
  observation.tree[].spanId
  observation.tree[].title
  observation.uncaused
  observation.waitedMs
  outcome
  outcome.driver
  outcome.driver.execution
  outcome.driver.execution.kind
  outcome.driver.id
  outcome.driver.target
  outcome.driver.target.containerPort
  outcome.driver.target.kind
  outcome.driver.target.participantId
  outcome.driver.target.protocol
  outcome.driver.target.service
  outcome.kind
  outcome.process
  outcome.process.argv
  outcome.process.exitCode
  outcome.process.kind
  outcome.process.location
  outcome.process.location.kind
  outcome.process.retention
  outcome.process.retention.stderr
  outcome.process.retention.stderr.kind
  outcome.process.retention.stderr.originalBytes
  outcome.process.retention.stdout
  outcome.process.retention.stdout.kind
  outcome.process.retention.stdout.originalBytes
  outcome.process.stderr
  outcome.process.stdout
  outcome.propagation
  outcome.propagation.expectation
  outcome.propagation.expectation.carrier
  outcome.propagation.expectation.kind
  outcome.propagation.kind
  outcome.propagation.outcome
  outcome.propagation.outcome.carrier
  outcome.propagation.outcome.format
  outcome.propagation.outcome.kind
  outcome.propagation.schemaVersion
  outcome.redaction
  outcome.redaction.environment
  outcome.redaction.environment.kind
  outcome.redaction.kind
  outcome.redaction.preparedArgv
  outcome.redaction.preparedArgv.kind
  outcome.redaction.requestArgv
  outcome.redaction.requestArgv.kind
observation.status provisional
context.kind sent
limitations observation-provisional
next blackbox capsule show <ACT_1> --session <CAPSULE_1>
$ blackbox capsule run --via public-api --name "Create Alice subscription" --json -- curl -fsS -X POST -H "Content-Type: application/json" -d '{"userId":"alice","paymentMethodId":"pm_capsule_alice"}' /subscriptions | tee alice.json | json-shape.mjs
documents 1
kind capsule-exec-completed
  activityId
  capsule
  context
  context.carrier
  context.kind
  kind
  limitations
  limitations[].kind
  next
  observation
  observation.services
  observation.spans
  observation.status
  observation.stillArriving
  observation.traces
  observation.tree
  observation.tree[].children
  observation.tree[].children[].kind
  observation.tree[].children[].orphan
  observation.tree[].children[].result
  observation.tree[].children[].service
  observation.tree[].children[].spanId
  observation.tree[].children[].title
  observation.tree[].kind
  observation.tree[].orphan
  observation.tree[].result
  observation.tree[].service
  observation.tree[].spanId
  observation.tree[].title
  observation.uncaused
  observation.waitedMs
  outcome
  outcome.driver
  outcome.driver.execution
  outcome.driver.execution.kind
  outcome.driver.id
  outcome.driver.target
  outcome.driver.target.containerPort
  outcome.driver.target.kind
  outcome.driver.target.participantId
  outcome.driver.target.protocol
  outcome.driver.target.service
  outcome.kind
  outcome.process
  outcome.process.argv
  outcome.process.exitCode
  outcome.process.kind
  outcome.process.location
  outcome.process.location.kind
  outcome.process.retention
  outcome.process.retention.stderr
  outcome.process.retention.stderr.kind
  outcome.process.retention.stderr.originalBytes
  outcome.process.retention.stdout
  outcome.process.retention.stdout.kind
  outcome.process.retention.stdout.originalBytes
  outcome.process.stderr
  outcome.process.stdout
  outcome.propagation
  outcome.propagation.expectation
  outcome.propagation.expectation.carrier
  outcome.propagation.expectation.kind
  outcome.propagation.kind
  outcome.propagation.outcome
  outcome.propagation.outcome.carrier
  outcome.propagation.outcome.format
  outcome.propagation.outcome.kind
  outcome.propagation.schemaVersion
  outcome.redaction
  outcome.redaction.environment
  outcome.redaction.environment.kind
  outcome.redaction.kind
  outcome.redaction.preparedArgv
  outcome.redaction.preparedArgv.kind
  outcome.redaction.requestArgv
  outcome.redaction.requestArgv.kind
observation.status provisional
context.kind sent
limitations observation-provisional
next blackbox capsule show <ACT_2> --session <CAPSULE_1>
$ blackbox capsule down --json | json-shape.mjs
documents 1
kind capsule-stopped
  alreadyStopped
  capsule
  cleanup
  kind
  next
  sessionId
  warnings
observation.status -
context.kind -
limitations -
next blackbox capsule report <CAPSULE_1>
$ ACT_2=$(node -p 'JSON.parse(require("fs").readFileSync("alice.json", "utf8")).activityId')
$ blackbox capsule show $ACT_2 --json | tee activity.json | json-shape.mjs
documents 1
kind collector-activity-found
  activityId
  capsule
  context
  context.carrier
  context.kind
  fragments
  fragments[].receivedAt
  fragments[].request
  fragments[].request.resourceSpans
  fragments[].request.resourceSpans[].resource
  fragments[].request.resourceSpans[].resource.attributes
  fragments[].request.resourceSpans[].resource.attributes[].key
  fragments[].request.resourceSpans[].resource.attributes[].value
  fragments[].request.resourceSpans[].resource.attributes[].value.arrayValue
  fragments[].request.resourceSpans[].resource.attributes[].value.arrayValue.values
  fragments[].request.resourceSpans[].resource.attributes[].value.arrayValue.values[].stringValue
  fragments[].request.resourceSpans[].resource.attributes[].value.intValue
  fragments[].request.resourceSpans[].resource.attributes[].value.stringValue
  fragments[].request.resourceSpans[].resource.droppedAttributesCount
  fragments[].request.resourceSpans[].scopeSpans
  fragments[].request.resourceSpans[].scopeSpans[].scope
  fragments[].request.resourceSpans[].scopeSpans[].scope.name
  fragments[].request.resourceSpans[].scopeSpans[].scope.version
  fragments[].request.resourceSpans[].scopeSpans[].spans
  fragments[].request.resourceSpans[].scopeSpans[].spans[].attributes
  fragments[].request.resourceSpans[].scopeSpans[].spans[].attributes[].key
  fragments[].request.resourceSpans[].scopeSpans[].spans[].attributes[].value
  fragments[].request.resourceSpans[].scopeSpans[].spans[].attributes[].value.intValue
  fragments[].request.resourceSpans[].scopeSpans[].spans[].attributes[].value.stringValue
  fragments[].request.resourceSpans[].scopeSpans[].spans[].droppedAttributesCount
  fragments[].request.resourceSpans[].scopeSpans[].spans[].droppedEventsCount
  fragments[].request.resourceSpans[].scopeSpans[].spans[].droppedLinksCount
  fragments[].request.resourceSpans[].scopeSpans[].spans[].endTimeUnixNano
  fragments[].request.resourceSpans[].scopeSpans[].spans[].events
  fragments[].request.resourceSpans[].scopeSpans[].spans[].flags
  fragments[].request.resourceSpans[].scopeSpans[].spans[].kind
  fragments[].request.resourceSpans[].scopeSpans[].spans[].links
  fragments[].request.resourceSpans[].scopeSpans[].spans[].name
  fragments[].request.resourceSpans[].scopeSpans[].spans[].parentSpanId
  fragments[].request.resourceSpans[].scopeSpans[].spans[].spanId
  fragments[].request.resourceSpans[].scopeSpans[].spans[].startTimeUnixNano
  fragments[].request.resourceSpans[].scopeSpans[].spans[].status
  fragments[].request.resourceSpans[].scopeSpans[].spans[].status.code
  fragments[].request.resourceSpans[].scopeSpans[].spans[].traceId
  fragments[].sequence
  identity
  identity.executionId
  identity.sessionId
  kind
  limitations
  next
  observation
  observation.services
  observation.spans
  observation.status
  observation.stillArriving
  observation.traces
  observation.tree
  observation.tree[].children
  observation.tree[].children[].kind
  observation.tree[].children[].orphan
  observation.tree[].children[].result
  observation.tree[].children[].service
  observation.tree[].children[].spanId
  observation.tree[].children[].title
  observation.tree[].kind
  observation.tree[].orphan
  observation.tree[].result
  observation.tree[].service
  observation.tree[].spanId
  observation.tree[].title
  observation.uncaused
  observation.waitedMs
  traceIds
observation.status complete
context.kind sent
limitations (none)
next blackbox capsule show <TRACE_1> --session <CAPSULE_1> --spans
$ TRACE_1=$(node -p 'JSON.parse(require("fs").readFileSync("activity.json", "utf8")).traceIds[0]')
$ blackbox capsule show $TRACE_1 --spans --json | json-shape.mjs
documents 1
kind collector-trace-found
  capsule
  fragments
  fragments[].receivedAt
  fragments[].request
  fragments[].request.resourceSpans
  fragments[].request.resourceSpans[].resource
  fragments[].request.resourceSpans[].resource.attributes
  fragments[].request.resourceSpans[].resource.attributes[].key
  fragments[].request.resourceSpans[].resource.attributes[].value
  fragments[].request.resourceSpans[].resource.attributes[].value.arrayValue
  fragments[].request.resourceSpans[].resource.attributes[].value.arrayValue.values
  fragments[].request.resourceSpans[].resource.attributes[].value.arrayValue.values[].stringValue
  fragments[].request.resourceSpans[].resource.attributes[].value.intValue
  fragments[].request.resourceSpans[].resource.attributes[].value.stringValue
  fragments[].request.resourceSpans[].resource.droppedAttributesCount
  fragments[].request.resourceSpans[].scopeSpans
  fragments[].request.resourceSpans[].scopeSpans[].scope
  fragments[].request.resourceSpans[].scopeSpans[].scope.name
  fragments[].request.resourceSpans[].scopeSpans[].scope.version
  fragments[].request.resourceSpans[].scopeSpans[].spans
  fragments[].request.resourceSpans[].scopeSpans[].spans[].attributes
  fragments[].request.resourceSpans[].scopeSpans[].spans[].attributes[].key
  fragments[].request.resourceSpans[].scopeSpans[].spans[].attributes[].value
  fragments[].request.resourceSpans[].scopeSpans[].spans[].attributes[].value.intValue
  fragments[].request.resourceSpans[].scopeSpans[].spans[].attributes[].value.stringValue
  fragments[].request.resourceSpans[].scopeSpans[].spans[].droppedAttributesCount
  fragments[].request.resourceSpans[].scopeSpans[].spans[].droppedEventsCount
  fragments[].request.resourceSpans[].scopeSpans[].spans[].droppedLinksCount
  fragments[].request.resourceSpans[].scopeSpans[].spans[].endTimeUnixNano
  fragments[].request.resourceSpans[].scopeSpans[].spans[].events
  fragments[].request.resourceSpans[].scopeSpans[].spans[].flags
  fragments[].request.resourceSpans[].scopeSpans[].spans[].kind
  fragments[].request.resourceSpans[].scopeSpans[].spans[].links
  fragments[].request.resourceSpans[].scopeSpans[].spans[].name
  fragments[].request.resourceSpans[].scopeSpans[].spans[].parentSpanId
  fragments[].request.resourceSpans[].scopeSpans[].spans[].spanId
  fragments[].request.resourceSpans[].scopeSpans[].spans[].startTimeUnixNano
  fragments[].request.resourceSpans[].scopeSpans[].spans[].status
  fragments[].request.resourceSpans[].scopeSpans[].spans[].status.code
  fragments[].request.resourceSpans[].scopeSpans[].spans[].traceId
  fragments[].sequence
  identity
  identity.executionId
  identity.sessionId
  kind
  next
  status
  traceId
  tree
  tree[].children
  tree[].children[].kind
  tree[].children[].orphan
  tree[].children[].result
  tree[].children[].service
  tree[].children[].spanId
  tree[].children[].title
  tree[].kind
  tree[].orphan
  tree[].result
  tree[].service
  tree[].spanId
  tree[].title
observation.status -
context.kind -
limitations -
next blackbox capsule show <ACT_2> --session <CAPSULE_1>
